app/api/clarify-questions/route.ts(2,29): error TS2307: Cannot find module '@/lib/lm-arena' or its corresponding type declarations.
app/api/export-pdf/route.ts(21,25): error TS2345: Argument of type 'Uint8Array<ArrayBufferLike>' is not assignable to parameter of type 'BodyInit | null | undefined'.
  Type 'Uint8Array<ArrayBufferLike>' is missing the following properties from type 'URLSearchParams': size, append, delete, get, and 2 more.
app/api/generate-resume/route.ts(2,29): error TS2307: Cannot find module '@/lib/lm-arena' or its corresponding type declarations.
app/api/generate-resume/route.ts(3,42): error TS2307: Cannot find module '@/lib/resume-validator' or its corresponding type declarations.
app/builder/page.tsx(1,28): error TS2307: Cannot find module '@/components/forms/FormWizard' or its corresponding type declarations.
app/editor/new/page.tsx(4,32): error TS2307: Cannot find module '@/stores/resume-store' or its corresponding type declarations.
app/editor/new/page.tsx(5,30): error TS2307: Cannot find module '@/components/editor/ResumeCanvas' or its corresponding type declarations.
components/forms/EducationForm.tsx(6,33): error TS2307: Cannot find module '@/lib/resume-validator' or its corresponding type declarations.
components/forms/EducationForm.tsx(7,32): error TS2307: Cannot find module '@/stores/resume-store' or its corresponding type declarations.
components/forms/EducationForm.tsx(15,8): error TS2307: Cannot find module '@/components/ui/form' or its corresponding type declarations.
components/forms/EducationForm.tsx(57,30): error TS7006: Parameter 'state' implicitly has an 'any' type.
components/forms/EducationForm.tsx(86,28): error TS7031: Binding element 'field' implicitly has an 'any' type.
components/forms/EducationForm.tsx(99,28): error TS7031: Binding element 'field' implicitly has an 'any' type.
components/forms/EducationForm.tsx(112,28): error TS7031: Binding element 'field' implicitly has an 'any' type.
components/forms/EducationForm.tsx(125,28): error TS7031: Binding element 'field' implicitly has an 'any' type.
components/forms/EducationForm.tsx(138,28): error TS7031: Binding element 'field' implicitly has an 'any' type.
components/forms/ExperienceForm.tsx(6,38): error TS2307: Cannot find module '@/lib/resume-validator' or its corresponding type declarations.
components/forms/ExperienceForm.tsx(7,32): error TS2307: Cannot find module '@/stores/resume-store' or its corresponding type declarations.
components/forms/ExperienceForm.tsx(15,8): error TS2307: Cannot find module '@/components/ui/form' or its corresponding type declarations.
components/forms/ExperienceForm.tsx(53,30): error TS7006: Parameter 'state' implicitly has an 'any' type.
components/forms/ExperienceForm.tsx(82,28): error TS7031: Binding element 'field' implicitly has an 'any' type.
components/forms/ExperienceForm.tsx(95,28): error TS7031: Binding element 'field' implicitly has an 'any' type.
components/forms/ExperienceForm.tsx(108,28): error TS7031: Binding element 'field' implicitly has an 'any' type.
components/forms/ExperienceForm.tsx(121,28): error TS7031: Binding element 'field' implicitly has an 'any' type.
components/forms/ExperienceForm.tsx(134,28): error TS7031: Binding element 'field' implicitly has an 'any' type.
components/forms/ExperienceForm.tsx(153,28): error TS7031: Binding element 'field' implicitly has an 'any' type.
components/forms/FormWizard.tsx(8,32): error TS2307: Cannot find module '@/stores/resume-store' or its corresponding type declarations.
components/forms/FormWizard.tsx(9,42): error TS2307: Cannot find module '@/lib/resume-validator' or its corresponding type declarations.
components/forms/PersonalInfoForm.tsx(6,36): error TS2307: Cannot find module '@/lib/resume-validator' or its corresponding type declarations.
components/forms/PersonalInfoForm.tsx(7,32): error TS2307: Cannot find module '@/stores/resume-store' or its corresponding type declarations.
components/forms/PersonalInfoForm.tsx(15,8): error TS2307: Cannot find module '@/components/ui/form' or its corresponding type declarations.
components/forms/PersonalInfoForm.tsx(52,24): error TS7031: Binding element 'field' implicitly has an 'any' type.
components/forms/PersonalInfoForm.tsx(65,24): error TS7031: Binding element 'field' implicitly has an 'any' type.
components/forms/PersonalInfoForm.tsx(78,24): error TS7031: Binding element 'field' implicitly has an 'any' type.
components/forms/PersonalInfoForm.tsx(91,24): error TS7031: Binding element 'field' implicitly has an 'any' type.
components/forms/PersonalInfoForm.tsx(104,24): error TS7031: Binding element 'field' implicitly has an 'any' type.
components/forms/PersonalInfoForm.tsx(117,24): error TS7031: Binding element 'field' implicitly has an 'any' type.
components/forms/SkillsForm.tsx(6,30): error TS2307: Cannot find module '@/lib/resume-validator' or its corresponding type declarations.
components/forms/SkillsForm.tsx(7,32): error TS2307: Cannot find module '@/stores/resume-store' or its corresponding type declarations.
components/forms/SkillsForm.tsx(16,8): error TS2307: Cannot find module '@/components/ui/form' or its corresponding type declarations.
components/forms/SkillsForm.tsx(43,30): error TS7006: Parameter 'state' implicitly has an 'any' type.
components/forms/SkillsForm.tsx(64,22): error TS7031: Binding element 'field' implicitly has an 'any' type.
components/forms/SkillsForm.tsx(84,24): error TS7031: Binding element 'field' implicitly has an 'any' type.
components/forms/SkillsForm.tsx(99,24): error TS7031: Binding element 'field' implicitly has an 'any' type.
components/forms/SkillsForm.tsx(114,24): error TS7031: Binding element 'field' implicitly has an 'any' type.
stores/resume-store.ts(3,55): error TS2307: Cannot find module '@/types/resume' or its corresponding type declarations.
stores/resume-store.ts(63,50): error TS7006: Parameter 'e' implicitly has an 'any' type.
stores/resume-store.ts(70,53): error TS7006: Parameter 'e' implicitly has an 'any' type.
stores/resume-store.ts(84,48): error TS7006: Parameter 'e' implicitly has an 'any' type.
stores/resume-store.ts(91,51): error TS7006: Parameter 'e' implicitly has an 'any' type.
